main.c:119:6:write_screen	72	static
main.c:208:5:main	152	static
main.c:486:6:SystemClock_Config	96	static
main.c:533:13:MX_ADC_Init	24	static
main.c:634:13:MX_I2C1_Init	8	static
main.c:680:13:MX_TIM1_Init	32	static
main.c:726:13:MX_TIM3_Init	32	static
main.c:771:13:MX_USART1_UART_Init	8	static
main.c:804:13:MX_DMA_Init	16	static
main.c:822:13:MX_GPIO_Init	56	static
main.c:904:6:HAL_ADC_ConvCpltCallback	16	static
main.c:912:6:HAL_TIM_PeriodElapsedCallback	16	static
main.c:924:6:Error_Handler	8	static
